Image: practice_images/wiped_disk.E01
Logical size: 8,178,892,800 bytes (15,974,400 sectors of 512 B)

[LBA          0] Protective MBR / LBA 0
  size=512  nonzero_bytes=0/512
  first 64 bytes: 00 00 00 00 00 00 00 00 00 00 00 00 00 00 00 00 00 00 00 00 00 00 00 00 00 00 00 00 00 00 00 00 00 00 00 00 00 00 00 00 00 00 00 00 00 00 00 00 00 00 00 00 00 00 00 00 00 00 00 00 00 00 00 00

[LBA          1] Primary GPT header / LBA 1
  size=512  nonzero_bytes=0/512
  first 64 bytes: 00 00 00 00 00 00 00 00 00 00 00 00 00 00 00 00 00 00 00 00 00 00 00 00 00 00 00 00 00 00 00 00 00 00 00 00 00 00 00 00 00 00 00 00 00 00 00 00 00 00 00 00 00 00 00 00 00 00 00 00 00 00 00 00

[LBA          2] Primary GPT entries 1-4 / LBA 2
  size=512  nonzero_bytes=0/512
  first 64 bytes: 00 00 00 00 00 00 00 00 00 00 00 00 00 00 00 00 00 00 00 00 00 00 00 00 00 00 00 00 00 00 00 00 00 00 00 00 00 00 00 00 00 00 00 00 00 00 00 00 00 00 00 00 00 00 00 00 00 00 00 00 00 00 00 00

[LBA         33] Primary GPT entries 125-128 / LBA 33
  size=512  nonzero_bytes=0/512
  first 64 bytes: 00 00 00 00 00 00 00 00 00 00 00 00 00 00 00 00 00 00 00 00 00 00 00 00 00 00 00 00 00 00 00 00 00 00 00 00 00 00 00 00 00 00 00 00 00 00 00 00 00 00 00 00 00 00 00 00 00 00 00 00 00 00 00 00

[LBA   15974367] Secondary GPT entries / LBA -33
  size=512  nonzero_bytes=83/512
  first 64 bytes: a2 a0 d0 eb e5 b9 33 44 87 c0 68 b6 b7 26 99 c7 99 5a b0 ec f7 40 15 49 8e e2 67 d1 76 7d ff 0b 00 08 00 00 00 00 00 00 ff a7 70 00 00 00 00 00 00 00 00 00 00 00 00 00 64 00 69 00 73 00 6b 00

[LBA   15974399] Secondary GPT header / LBA -1
  size=512  nonzero_bytes=47/512
  first 64 bytes: 45 46 49 20 50 41 52 54 00 00 01 00 5c 00 00 00 a1 01 7b 1d 00 00 00 00 ff bf f3 00 00 00 00 00 01 00 00 00 00 00 00 00 22 00 00 00 00 00 00 00 de bf f3 00 00 00 00 00 c6 aa d2 d4 59 71 2f 42

